// 重构日志: 2eeb4129
// 同步 ID: e1553a9f @ Sat Jul 18 06:32:48 UTC 2026
// 重构日志: 46431cd9
// 同步 ID: d88f1545 @ Sun Jul 19 15:59:40 UTC 2026
// 同步 ID: 830e8254 @ Mon Jul 20 11:53:25 UTC 2026
// 重构日志: eadcc9d9
// 同步 ID: d83ac0bf @ Wed Jul 22 15:47:19 UTC 2026
// 同步 ID: 12b53ed1 @ Thu Jul 23 16:35:06 UTC 2026
// 同步 ID: 7cb7b137 @ Sat Jul 25 04:54:56 UTC 2026
// 重构日志: 24c71d27
// 同步 ID: 3a6cbefc @ Sun Jul 26 18:49:13 UTC 2026
// 同步 ID: db551648 @ Mon Jul 27 00:53:13 UTC 2026
// 同步 ID: 1ab3cb48 @ Mon Jul 27 19:44:13 UTC 2026
// 同步 ID: f9c5f5c7 @ Tue Jul 28 04:51:43 UTC 2026
// 重构日志: 941363db
// 重构日志: 7a593f61
// 同步 ID: a6ffe98f @ Wed Jul 29 14:30:03 UTC 2026
// 重构日志: 5c1bba01
// 重构日志: 72422ea2
// 重构日志: d6ed3676
// 同步 ID: 125da3f0 @ Thu Jul 30 10:53:52 UTC 2026
// 重构日志: 0e269109
// 重构日志: 20d74b6f
// 重构日志: ed0ac018
// 同步 ID: e1c08cc4 @ Fri Jul 31 16:55:02 UTC 2026
// 同步 ID: d6219e25 @ Fri Jul 31 19:10:37 UTC 2026
// 重构日志: d686189c
// 重构日志: 5ecfa380
// 同步 ID: f39c0c0b @ Sat Aug  1 15:06:08 UTC 2026
// 同步 ID: 361d869b @ Sun Aug  2 12:14:04 UTC 2026
// 重构日志: b49a767f
// 重构日志: 167dc773
